     VMA      LMA     Size Align Out     In      Symbol
       0        0        0     1 PROVIDE ( _stext = ORIGIN ( FLASH ) )
 8000000  8000000      144     2 .text
 8000000  8000000        e     2         /home/andreaaspesi/Desktop/concept-os/toolchain/modules/elf2hbf/examples/component3/target/thumbv7em-none-eabihf/release/deps/libuserlib-0506a3ab1b914bba.rlib(userlib-0506a3ab1b914bba.userlib.afc22a5d-cgu.0.rcgu.o):(.text.start)
 8000000  8000000        0     1                 $t.50
 8000001  8000001        e     1                 _start
 800000e  800000e       2e     2         /home/andreaaspesi/Desktop/concept-os/toolchain/modules/elf2hbf/examples/component3/target/thumbv7em-none-eabihf/release/deps/component3-2604ea7ca5654e1f.component3.e37c1d3c-cgu.0.rcgu.o:(.text.function1)
 800000e  800000e        0     1                 $t.0
 800000f  800000f       2e     1                 function1
 800003c  800003c       3e     2         /home/andreaaspesi/Desktop/concept-os/toolchain/modules/elf2hbf/examples/component3/target/thumbv7em-none-eabihf/release/deps/component3-2604ea7ca5654e1f.component3.e37c1d3c-cgu.0.rcgu.o:(.text.function2)
 800003c  800003c        0     1                 $t.1
 800003d  800003d       3e     1                 function2
 800007a  800007a       38     2         /home/andreaaspesi/Desktop/concept-os/toolchain/modules/elf2hbf/examples/component3/target/thumbv7em-none-eabihf/release/deps/component3-2604ea7ca5654e1f.component3.e37c1d3c-cgu.0.rcgu.o:(.text.function3)
 800007a  800007a        0     1                 $t.2
 800007b  800007b       38     1                 function3
 80000b2  80000b2       32     2         /home/andreaaspesi/Desktop/concept-os/toolchain/modules/elf2hbf/examples/component3/target/thumbv7em-none-eabihf/release/deps/component3-2604ea7ca5654e1f.component3.e37c1d3c-cgu.0.rcgu.o:(.text.print)
 80000b2  80000b2        0     1                 $t.3
 80000b3  80000b3       32     1                 print
 80000e4  80000e4        a     2         /home/andreaaspesi/Desktop/concept-os/toolchain/modules/elf2hbf/examples/component3/target/thumbv7em-none-eabihf/release/deps/component3-2604ea7ca5654e1f.component3.e37c1d3c-cgu.0.rcgu.o:(.text.main)
 80000e4  80000e4        0     1                 $t.4
 80000e5  80000e5        a     1                 main
 80000ee  80000ee       3a     2         /home/andreaaspesi/Desktop/concept-os/toolchain/modules/elf2hbf/examples/component3/target/thumbv7em-none-eabihf/release/deps/component3-2604ea7ca5654e1f.component3.e37c1d3c-cgu.0.rcgu.o:(.text.example7)
 80000ee  80000ee        0     1                 $t.5
 80000ef  80000ef       3a     1                 example7
 8000128  8000128        2     2         /home/andreaaspesi/Desktop/concept-os/toolchain/modules/elf2hbf/examples/component3/target/thumbv7em-none-eabihf/release/deps/libuserlib-0506a3ab1b914bba.rlib(userlib-0506a3ab1b914bba.userlib.afc22a5d-cgu.0.rcgu.o):(.text._ZN7userlib91_$LT$impl$u20$core..convert..From$LT$userlib..RcLen$GT$$u20$for$u20$$LP$u32$C$usize$RP$$GT$4from17h02b830a50f92d613E)
 8000128  8000128        0     1                 $t.39
 8000129  8000129        2     1                 userlib::_$LT$impl$u20$core..convert..From$LT$userlib..RcLen$GT$$u20$for$u20$$LP$u32$C$usize$RP$$GT$::from::h02b830a50f92d613
 800012a  800012a       1a     2         /home/andreaaspesi/Desktop/concept-os/toolchain/modules/elf2hbf/examples/component3/target/thumbv7em-none-eabihf/release/deps/libuserlib-0506a3ab1b914bba.rlib(userlib-0506a3ab1b914bba.userlib.afc22a5d-cgu.0.rcgu.o):(.text._ZN7userlib13sys_send_stub17h2444658aabf553a4E)
 800012a  800012a        0     1                 $t.40
 800012b  800012b       1a     1                 userlib::sys_send_stub::h2444658aabf553a4
 8000144  8000144        0     1         . = ALIGN ( 4 )
 8000144  8000144        0     1         __etext = .
 8000144  8000144       60     4 .rodata
 8000144  8000144       30     1         <internal>:(.rodata)
 8000174  8000174        0     4         /home/andreaaspesi/Desktop/concept-os/toolchain/modules/elf2hbf/examples/component3/target/thumbv7em-none-eabihf/release/deps/component3-2604ea7ca5654e1f.component3.e37c1d3c-cgu.0.rcgu.o:(.rodata..L__unnamed_2)
 8000174  8000174        0     1                 .L__unnamed_2
 8000174  8000174       18     1         /home/andreaaspesi/Desktop/concept-os/toolchain/modules/elf2hbf/examples/component3/target/thumbv7em-none-eabihf/release/deps/component3-2604ea7ca5654e1f.component3.e37c1d3c-cgu.0.rcgu.o:(.rodata..L__unnamed_9)
 800018c  800018c       18     1         /home/andreaaspesi/Desktop/concept-os/toolchain/modules/elf2hbf/examples/component3/target/thumbv7em-none-eabihf/release/deps/component3-2604ea7ca5654e1f.component3.e37c1d3c-cgu.0.rcgu.o:(.rodata..L__unnamed_3)
 800018c  800018c       18     1                 .L__unnamed_3
 80001a4  80001a4        0     1         . = ALIGN ( 4 )
 80001a4  80001a4        0     1         __erodata = .
20000000 20000000       28     4 .data
20000000 20000000        0     1         . = ALIGN ( 4 )
20000000 20000000        0     1         __sdata = .
20000000 20000000        4     4         /home/andreaaspesi/Desktop/concept-os/toolchain/modules/elf2hbf/examples/component3/target/thumbv7em-none-eabihf/release/deps/component3-2604ea7ca5654e1f.component3.e37c1d3c-cgu.0.rcgu.o:(.data._ZN10component35file16F1_STR17h88f57e70f9c8b3faE.0)
20000000 20000000        4     1                 component3::file1::F1_STR::h88f57e70f9c8b3fa (.0)
20000004 20000004        4     4         /home/andreaaspesi/Desktop/concept-os/toolchain/modules/elf2hbf/examples/component3/target/thumbv7em-none-eabihf/release/deps/component3-2604ea7ca5654e1f.component3.e37c1d3c-cgu.0.rcgu.o:(.data._ZN10component310TEXT_FIELD17h53809f7717b21dbeE.0)
20000004 20000004        4     1                 component3::TEXT_FIELD::h53809f7717b21dbe (.0)
20000008 20000008       20     4         /home/andreaaspesi/Desktop/concept-os/toolchain/modules/elf2hbf/examples/component3/target/thumbv7em-none-eabihf/release/deps/component3-2604ea7ca5654e1f.component3.e37c1d3c-cgu.0.rcgu.o:(.data..L_MergedGlobals)
20000008 20000008       20     1                 .L_MergedGlobals
20000008 20000008        4     1                 component3::file2::F2_STR1::h09b9fb1a684f823e (.0)
2000000c 2000000c        4     1                 component3::file2::F2_STR1::h09b9fb1a684f823e (.1)
20000010 20000010        4     1                 component3::file2::F2_STR2::hb63310bdb768a5c9 (.0)
20000014 20000014        4     1                 component3::file2::F2_STR2::hb63310bdb768a5c9 (.1)
20000018 20000018        4     1                 component3::file3::F3_STR1::hf5a0687a0e83a646 (.0)
2000001c 2000001c        4     1                 component3::file3::F3_STR1::hf5a0687a0e83a646 (.1)
20000020 20000020        4     1                 component3::file3::F3_STR2::h1110358b2f08809f (.0)
20000024 20000024        4     1                 component3::file3::F3_STR2::h1110358b2f08809f (.1)
20000028 20000028        0     1         . = ALIGN ( 4 )
20000028 20000028        0     1         __edata = .
20000028 20000028        0     1 __sidata = LOADADDR ( .data )
20000028 20000028        0     4 .bss
20000028 20000028        0     1         . = ALIGN ( 4 )
20000028 20000028        0     1         __sbss = .
20000028 20000028        0     1         . = ALIGN ( 4 )
20000028 20000028        0     1         __ebss = .
       0        0      300     4 .symtab
       0        0      300     4         <internal>:(.symtab)
       0        0       34     1 .shstrtab
       0        0       34     1         <internal>:(.shstrtab)
       0        0      461     1 .strtab
       0        0      461     1         <internal>:(.strtab)
