     VMA      LMA     Size Align Out     In      Symbol
       0        0        0     1 PROVIDE ( _stext = ORIGIN ( FLASH ) )
 8000000  8000000     109c     2 .text
 8000000  8000000        e     2         /home/andreaaspesi/Desktop/concept-os/toolchain/modules/elf2hbf/examples/component2/target/thumbv7em-none-eabihf/release/deps/libuserlib-0506a3ab1b914bba.rlib(userlib-0506a3ab1b914bba.userlib.afc22a5d-cgu.0.rcgu.o):(.text.start)
 8000000  8000000        0     1                 $t.50
 8000001  8000001        e     1                 _start
 800000e  800000e       32     2         /home/andreaaspesi/Desktop/concept-os/toolchain/modules/elf2hbf/examples/component2/target/thumbv7em-none-eabihf/release/deps/component2-e08b22f09ce95c8c.component2.9e2515ec-cgu.0.rcgu.o:(.text.print)
 800000e  800000e        0     1                 $t.0
 800000f  800000f       32     1                 print
 8000040  8000040        a     2         /home/andreaaspesi/Desktop/concept-os/toolchain/modules/elf2hbf/examples/component2/target/thumbv7em-none-eabihf/release/deps/component2-e08b22f09ce95c8c.component2.9e2515ec-cgu.0.rcgu.o:(.text.main)
 8000040  8000040        0     1                 $t.1
 8000041  8000041        a     1                 main
 800004a  800004a       a2     2         /home/andreaaspesi/Desktop/concept-os/toolchain/modules/elf2hbf/examples/component2/target/thumbv7em-none-eabihf/release/deps/component2-e08b22f09ce95c8c.component2.9e2515ec-cgu.0.rcgu.o:(.text._ZN55_$LT$component2..Foo$u20$as$u20$component2..Frobber$GT$4frob17h0caa40aacf5bd97eE)
 800004a  800004a        0     1                 $t.2
 800004b  800004b       a2     1                 _$LT$component2..Foo$u20$as$u20$component2..Frobber$GT$::frob::h0caa40aacf5bd97e
 80000ec  80000ec       a0     2         /home/andreaaspesi/Desktop/concept-os/toolchain/modules/elf2hbf/examples/component2/target/thumbv7em-none-eabihf/release/deps/component2-e08b22f09ce95c8c.component2.9e2515ec-cgu.0.rcgu.o:(.text._ZN55_$LT$component2..Bar$u20$as$u20$component2..Frobber$GT$4frob17h98e5dfcfc2ed7f3aE)
 80000ec  80000ec        0     1                 $t.3
 80000ed  80000ed       a0     1                 _$LT$component2..Bar$u20$as$u20$component2..Frobber$GT$::frob::h98e5dfcfc2ed7f3a
 800018c  800018c       8a     2         /home/andreaaspesi/Desktop/concept-os/toolchain/modules/elf2hbf/examples/component2/target/thumbv7em-none-eabihf/release/deps/component2-e08b22f09ce95c8c.component2.9e2515ec-cgu.0.rcgu.o:(.text._ZN10component214frob_it_static17h1223580fb40151bbE)
 800018c  800018c        0     1                 $t.4
 800018d  800018d       8a     1                 component2::frob_it_static::h1223580fb40151bb
 8000216  8000216       90     2         /home/andreaaspesi/Desktop/concept-os/toolchain/modules/elf2hbf/examples/component2/target/thumbv7em-none-eabihf/release/deps/component2-e08b22f09ce95c8c.component2.9e2515ec-cgu.0.rcgu.o:(.text._ZN10component214frob_it_static17h94599052a0401ea9E)
 8000216  8000216        0     1                 $t.5
 8000217  8000217       90     1                 component2::frob_it_static::h94599052a0401ea9
 80002a6  80002a6        c     2         /home/andreaaspesi/Desktop/concept-os/toolchain/modules/elf2hbf/examples/component2/target/thumbv7em-none-eabihf/release/deps/component2-e08b22f09ce95c8c.component2.9e2515ec-cgu.0.rcgu.o:(.text._ZN10component215frob_it_dynamic17h22211adbaf86d08aE)
 80002a6  80002a6        0     1                 $t.6
 80002a7  80002a7        c     1                 component2::frob_it_dynamic::h22211adbaf86d08a
 80002b2  80002b2      1a2     2         /home/andreaaspesi/Desktop/concept-os/toolchain/modules/elf2hbf/examples/component2/target/thumbv7em-none-eabihf/release/deps/component2-e08b22f09ce95c8c.component2.9e2515ec-cgu.0.rcgu.o:(.text.example12)
 80002b2  80002b2        0     1                 $t.7
 80002b3  80002b3      1a2     1                 example12
 8000454  8000454        2     2         /home/andreaaspesi/Desktop/concept-os/toolchain/modules/elf2hbf/examples/component2/target/thumbv7em-none-eabihf/release/deps/libcortex_m_semihosting-2ef2dffcc1cb1078.rlib(cortex_m_semihosting-2ef2dffcc1cb1078.cortex_m_semihosting.71560be0-cgu.0.rcgu.o):(.text._ZN4core3ptr70drop_in_place$LT$$RF$mut$u20$cortex_m_semihosting..hio..HostStream$GT$17h8314a63891215b2bE)
 8000454  8000454        0     1                 $t.0
 8000455  8000455        2     1                 core::ptr::drop_in_place$LT$$RF$mut$u20$cortex_m_semihosting..hio..HostStream$GT$::h8314a63891215b2b
 8000456  8000456       ce     2         /home/andreaaspesi/Desktop/concept-os/toolchain/modules/elf2hbf/examples/component2/target/thumbv7em-none-eabihf/release/deps/libcortex_m_semihosting-2ef2dffcc1cb1078.rlib(cortex_m_semihosting-2ef2dffcc1cb1078.cortex_m_semihosting.71560be0-cgu.0.rcgu.o):(.text._ZN50_$LT$$RF$mut$u20$W$u20$as$u20$core..fmt..Write$GT$10write_char17h23f13ecd698af87bE)
 8000456  8000456        0     1                 $t.1
 8000457  8000457       ce     1                 _$LT$$RF$mut$u20$W$u20$as$u20$core..fmt..Write$GT$::write_char::h23f13ecd698af87b
 8000524  8000524       34     2         /home/andreaaspesi/Desktop/concept-os/toolchain/modules/elf2hbf/examples/component2/target/thumbv7em-none-eabihf/release/deps/libcortex_m_semihosting-2ef2dffcc1cb1078.rlib(cortex_m_semihosting-2ef2dffcc1cb1078.cortex_m_semihosting.71560be0-cgu.0.rcgu.o):(.text._ZN50_$LT$$RF$mut$u20$W$u20$as$u20$core..fmt..Write$GT$9write_fmt17h57ac53495b90c12eE)
 8000524  8000524        0     1                 $t.2
 8000525  8000525       34     1                 _$LT$$RF$mut$u20$W$u20$as$u20$core..fmt..Write$GT$::write_fmt::h57ac53495b90c12e
 8000558  8000558       4c     2         /home/andreaaspesi/Desktop/concept-os/toolchain/modules/elf2hbf/examples/component2/target/thumbv7em-none-eabihf/release/deps/libcortex_m_semihosting-2ef2dffcc1cb1078.rlib(cortex_m_semihosting-2ef2dffcc1cb1078.cortex_m_semihosting.71560be0-cgu.0.rcgu.o):(.text._ZN50_$LT$$RF$mut$u20$W$u20$as$u20$core..fmt..Write$GT$9write_str17h465d4268c7f26d19E)
 8000558  8000558        0     1                 $t.3
 8000559  8000559       4c     1                 _$LT$$RF$mut$u20$W$u20$as$u20$core..fmt..Write$GT$::write_str::h465d4268c7f26d19
 80005a4  80005a4       88     2         /home/andreaaspesi/Desktop/concept-os/toolchain/modules/elf2hbf/examples/component2/target/thumbv7em-none-eabihf/release/deps/libcortex_m_semihosting-2ef2dffcc1cb1078.rlib(cortex_m_semihosting-2ef2dffcc1cb1078.cortex_m_semihosting.71560be0-cgu.0.rcgu.o):(.text._ZN20cortex_m_semihosting6export11hstdout_fmt17hfcbeaeddd8276f2eE)
 80005a4  80005a4        0     1                 $t.7
 80005a5  80005a5       88     1                 cortex_m_semihosting::export::hstdout_fmt::hfcbeaeddd8276f2e
 800062c  800062c        2     2         /home/andreaaspesi/Desktop/concept-os/toolchain/modules/elf2hbf/examples/component2/target/thumbv7em-none-eabihf/release/deps/libbare_metal-b5876021f594561c.rlib(bare_metal-b5876021f594561c.bare_metal.d3dbc95d-cgu.0.rcgu.o):(.text._ZN10bare_metal15CriticalSection3new17h66b3e307384ac6b0E)
 800062c  800062c        0     1                 $t.0
 800062d  800062d        2     1                 bare_metal::CriticalSection::new::h66b3e307384ac6b0
 800062e  800062e        2     2         /home/andreaaspesi/Desktop/concept-os/toolchain/modules/elf2hbf/examples/component2/target/thumbv7em-none-eabihf/release/deps/libuserlib-0506a3ab1b914bba.rlib(userlib-0506a3ab1b914bba.userlib.afc22a5d-cgu.0.rcgu.o):(.text._ZN7userlib91_$LT$impl$u20$core..convert..From$LT$userlib..RcLen$GT$$u20$for$u20$$LP$u32$C$usize$RP$$GT$4from17h02b830a50f92d613E)
 800062e  800062e        0     1                 $t.39
 800062f  800062f        2     1                 userlib::_$LT$impl$u20$core..convert..From$LT$userlib..RcLen$GT$$u20$for$u20$$LP$u32$C$usize$RP$$GT$::from::h02b830a50f92d613
 8000630  8000630       1a     2         /home/andreaaspesi/Desktop/concept-os/toolchain/modules/elf2hbf/examples/component2/target/thumbv7em-none-eabihf/release/deps/libuserlib-0506a3ab1b914bba.rlib(userlib-0506a3ab1b914bba.userlib.afc22a5d-cgu.0.rcgu.o):(.text._ZN7userlib13sys_send_stub17h2444658aabf553a4E)
 8000630  8000630        0     1                 $t.40
 8000631  8000631       1a     1                 userlib::sys_send_stub::h2444658aabf553a4
 800064a  800064a        4     2         /home/andreaaspesi/Desktop/concept-os/toolchain/modules/elf2hbf/examples/component2/target/thumbv7em-none-eabihf/release/deps/libcore-d08984cea9757d3c.rlib(core-d08984cea9757d3c.core.ab329211-cgu.0.rcgu.o):(.text._ZN4core3ops8function6FnOnce9call_once17hf29a6adbaf16d366E)
 800064a  800064a        0     1                 $t.0
 800064b  800064b        4     1                 core::ops::function::FnOnce::call_once::hf29a6adbaf16d366
 800064e  800064e      198     2         /home/andreaaspesi/Desktop/concept-os/toolchain/modules/elf2hbf/examples/component2/target/thumbv7em-none-eabihf/release/deps/libcore-d08984cea9757d3c.rlib(core-d08984cea9757d3c.core.ab329211-cgu.0.rcgu.o):(.text._ZN4core3fmt5write17h19a390c2d0bed8bbE)
 800064e  800064e        0     1                 $t.267
 800064f  800064f      198     1                 core::fmt::write::h19a390c2d0bed8bb
 80007e6  80007e6      2d2     2         /home/andreaaspesi/Desktop/concept-os/toolchain/modules/elf2hbf/examples/component2/target/thumbv7em-none-eabihf/release/deps/libcore-d08984cea9757d3c.rlib(core-d08984cea9757d3c.core.ab329211-cgu.0.rcgu.o):(.text._ZN4core3fmt9Formatter12pad_integral17h5f473887ffb34b0fE)
 80007e6  80007e6        0     1                 $t.268
 80007e7  80007e7      2d2     1                 core::fmt::Formatter::pad_integral::h5f473887ffb34b0f
 8000ab8  8000ab8       46     2         /home/andreaaspesi/Desktop/concept-os/toolchain/modules/elf2hbf/examples/component2/target/thumbv7em-none-eabihf/release/deps/libcore-d08984cea9757d3c.rlib(core-d08984cea9757d3c.core.ab329211-cgu.0.rcgu.o):(.text._ZN4core3fmt9Formatter12pad_integral12write_prefix17h9893618a3bfbcabbE)
 8000ab8  8000ab8        0     1                 $t.269
 8000ab9  8000ab9       46     1                 core::fmt::Formatter::pad_integral::write_prefix::h9893618a3bfbcabb
 8000afe  8000afe      31a     2         /home/andreaaspesi/Desktop/concept-os/toolchain/modules/elf2hbf/examples/component2/target/thumbv7em-none-eabihf/release/deps/libcore-d08984cea9757d3c.rlib(core-d08984cea9757d3c.core.ab329211-cgu.0.rcgu.o):(.text._ZN4core3str5count14do_count_chars17h44204b1f6175f776E)
 8000afe  8000afe        0     1                 $t.349
 8000aff  8000aff      31a     1                 core::str::count::do_count_chars::h44204b1f6175f776
 8000e18  8000e18      10c     2         /home/andreaaspesi/Desktop/concept-os/toolchain/modules/elf2hbf/examples/component2/target/thumbv7em-none-eabihf/release/deps/libcore-d08984cea9757d3c.rlib(core-d08984cea9757d3c.core.ab329211-cgu.0.rcgu.o):(.text._ZN4core3fmt3num3imp52_$LT$impl$u20$core..fmt..Display$u20$for$u20$i32$GT$3fmt17hdd7bd15d96f960c3E)
 8000e18  8000e18        0     1                 $t.653
 8000e19  8000e19      10c     1                 core::fmt::num::imp::_$LT$impl$u20$core..fmt..Display$u20$for$u20$i32$GT$::fmt::hdd7bd15d96f960c3
 8000e19  8000e19      10c     1                 core::fmt::num::imp::_$LT$impl$u20$core..fmt..Display$u20$for$u20$isize$GT$::fmt::hdb92b8e86c48978e
 8000f24  8000f24      104     2         /home/andreaaspesi/Desktop/concept-os/toolchain/modules/elf2hbf/examples/component2/target/thumbv7em-none-eabihf/release/deps/libcore-d08984cea9757d3c.rlib(core-d08984cea9757d3c.core.ab329211-cgu.0.rcgu.o):(.text._ZN4core3fmt3num3imp52_$LT$impl$u20$core..fmt..Display$u20$for$u20$u32$GT$3fmt17hf7dd6a4e8aa131efE)
 8000f24  8000f24        0     1                 $t.654
 8000f25  8000f25      104     1                 core::fmt::num::imp::_$LT$impl$u20$core..fmt..Display$u20$for$u20$u32$GT$::fmt::hf7dd6a4e8aa131ef
 8000f25  8000f25      104     1                 core::fmt::num::imp::_$LT$impl$u20$core..fmt..Display$u20$for$u20$usize$GT$::fmt::h197fc0e966fda274
 8001028  8001028       6e     2         /home/andreaaspesi/Desktop/concept-os/toolchain/modules/elf2hbf/examples/component2/target/thumbv7em-none-eabihf/release/deps/libcompiler_builtins-e54861b68749d604.rlib(compiler_builtins-e54861b68749d604.compiler_builtins.d63b4255-cgu.0.rcgu.o):(.text._ZN17compiler_builtins3mem6memcmp17h2c4c3af3abcfeac7E)
 8001028  8001028        0     1                 $t.356
 8001029  8001029       6e     1                 compiler_builtins::mem::memcmp::h2c4c3af3abcfeac7
 8001096  8001096        4     2         /home/andreaaspesi/Desktop/concept-os/toolchain/modules/elf2hbf/examples/component2/target/thumbv7em-none-eabihf/release/deps/libcompiler_builtins-e54861b68749d604.rlib(compiler_builtins-e54861b68749d604.compiler_builtins.d63b4255-cgu.0.rcgu.o):(.text..L__unnamed_1)
 8001096  8001096        0     1                 $t.357
 8001097  8001097        4     1                 compiler_builtins::mem::bcmp::h8b803fec55a7607a
 8001097  8001097        4     1                 memcmp
 800109a  800109a        2     1         . = ALIGN ( 4 )
 800109c  800109c        0     1         __etext = .
 800109c  800109c      168     4 .rodata
 800109c  800109c        0     4         /home/andreaaspesi/Desktop/concept-os/toolchain/modules/elf2hbf/examples/component2/target/thumbv7em-none-eabihf/release/deps/component2-e08b22f09ce95c8c.component2.9e2515ec-cgu.0.rcgu.o:(.rodata..L__unnamed_1)
 800109c  800109c        0     1                 .L__unnamed_1
 800109c  800109c        a     1         /home/andreaaspesi/Desktop/concept-os/toolchain/modules/elf2hbf/examples/component2/target/thumbv7em-none-eabihf/release/deps/component2-e08b22f09ce95c8c.component2.9e2515ec-cgu.0.rcgu.o:(.rodata..L__unnamed_14)
 80010a6  80010a6        1     1         /home/andreaaspesi/Desktop/concept-os/toolchain/modules/elf2hbf/examples/component2/target/thumbv7em-none-eabihf/release/deps/component2-e08b22f09ce95c8c.component2.9e2515ec-cgu.0.rcgu.o:(.rodata..L__unnamed_15)
 80010a8  80010a8       10     4         /home/andreaaspesi/Desktop/concept-os/toolchain/modules/elf2hbf/examples/component2/target/thumbv7em-none-eabihf/release/deps/component2-e08b22f09ce95c8c.component2.9e2515ec-cgu.0.rcgu.o:(.rodata..L__unnamed_2)
 80010a8  80010a8       10     1                 .L__unnamed_2
 80010b8  80010b8        a     1         /home/andreaaspesi/Desktop/concept-os/toolchain/modules/elf2hbf/examples/component2/target/thumbv7em-none-eabihf/release/deps/component2-e08b22f09ce95c8c.component2.9e2515ec-cgu.0.rcgu.o:(.rodata..L__unnamed_3)
 80010b8  80010b8        a     1                 .L__unnamed_3
 80010c2  80010c2        a     1         /home/andreaaspesi/Desktop/concept-os/toolchain/modules/elf2hbf/examples/component2/target/thumbv7em-none-eabihf/release/deps/component2-e08b22f09ce95c8c.component2.9e2515ec-cgu.0.rcgu.o:(.rodata..L__unnamed_7)
 80010c2  80010c2        a     1                 .L__unnamed_7
 80010cc  80010cc        8     1         <internal>:(.rodata)
 80010d4  80010d4        a     1         /home/andreaaspesi/Desktop/concept-os/toolchain/modules/elf2hbf/examples/component2/target/thumbv7em-none-eabihf/release/deps/component2-e08b22f09ce95c8c.component2.9e2515ec-cgu.0.rcgu.o:(.rodata..L__unnamed_16)
 80010e0  80010e0       10     4         /home/andreaaspesi/Desktop/concept-os/toolchain/modules/elf2hbf/examples/component2/target/thumbv7em-none-eabihf/release/deps/component2-e08b22f09ce95c8c.component2.9e2515ec-cgu.0.rcgu.o:(.rodata..L__unnamed_4)
 80010e0  80010e0       10     1                 .L__unnamed_4
 80010f0  80010f0        a     1         /home/andreaaspesi/Desktop/concept-os/toolchain/modules/elf2hbf/examples/component2/target/thumbv7em-none-eabihf/release/deps/component2-e08b22f09ce95c8c.component2.9e2515ec-cgu.0.rcgu.o:(.rodata..L__unnamed_5)
 80010f0  80010f0        a     1                 .L__unnamed_5
 80010fa  80010fa        a     1         /home/andreaaspesi/Desktop/concept-os/toolchain/modules/elf2hbf/examples/component2/target/thumbv7em-none-eabihf/release/deps/component2-e08b22f09ce95c8c.component2.9e2515ec-cgu.0.rcgu.o:(.rodata..L__unnamed_9)
 80010fa  80010fa        a     1                 .L__unnamed_9
 8001104  8001104        9     1         /home/andreaaspesi/Desktop/concept-os/toolchain/modules/elf2hbf/examples/component2/target/thumbv7em-none-eabihf/release/deps/component2-e08b22f09ce95c8c.component2.9e2515ec-cgu.0.rcgu.o:(.rodata..L__unnamed_8)
 8001104  8001104        9     1                 .L__unnamed_8
 8001110  8001110       14     4         <internal>:(.rodata)
 8001124  8001124       18     4         /home/andreaaspesi/Desktop/concept-os/toolchain/modules/elf2hbf/examples/component2/target/thumbv7em-none-eabihf/release/deps/libcortex_m_semihosting-2ef2dffcc1cb1078.rlib(cortex_m_semihosting-2ef2dffcc1cb1078.cortex_m_semihosting.71560be0-cgu.0.rcgu.o):(.rodata..L__unnamed_1)
 8001124  8001124       18     1                 .L__unnamed_1
 800113c  800113c        0     4         /home/andreaaspesi/Desktop/concept-os/toolchain/modules/elf2hbf/examples/component2/target/thumbv7em-none-eabihf/release/deps/libcore-d08984cea9757d3c.rlib(core-d08984cea9757d3c.core.ab329211-cgu.0.rcgu.o):(.rodata..L__unnamed_13)
 800113c  800113c        0     1                 .L__unnamed_13
 800113c  800113c       c8     1         /home/andreaaspesi/Desktop/concept-os/toolchain/modules/elf2hbf/examples/component2/target/thumbv7em-none-eabihf/release/deps/libcore-d08984cea9757d3c.rlib(core-d08984cea9757d3c.core.ab329211-cgu.0.rcgu.o):(.rodata..L__unnamed_81)
 800113c  800113c       c8     1                 .L__unnamed_81
 8001204  8001204        0     1         . = ALIGN ( 4 )
 8001204  8001204        0     1         __erodata = .
20000000 20000000        0     4 .data
20000000 20000000        0     1         . = ALIGN ( 4 )
20000000 20000000        0     1         __sdata = .
20000000 20000000        0     1         . = ALIGN ( 4 )
20000000 20000000        0     1         __edata = .
20000000 20000000        0     1 __sidata = LOADADDR ( .data )
20000000 20000000        8     4 .bss
20000000 20000000        0     1         . = ALIGN ( 4 )
20000000 20000000        0     1         __sbss = .
20000000 20000000        8     4         /home/andreaaspesi/Desktop/concept-os/toolchain/modules/elf2hbf/examples/component2/target/thumbv7em-none-eabihf/release/deps/libcortex_m_semihosting-2ef2dffcc1cb1078.rlib(cortex_m_semihosting-2ef2dffcc1cb1078.cortex_m_semihosting.71560be0-cgu.0.rcgu.o):(.bss._ZN20cortex_m_semihosting6export7HSTDOUT17ha11d3efe0335e6c5E)
20000000 20000000        8     1                 cortex_m_semihosting::export::HSTDOUT::ha11d3efe0335e6c5
20000008 20000008        0     1         . = ALIGN ( 4 )
20000008 20000008        0     1         __ebss = .
       0        0      570     4 .symtab
       0        0      570     4         <internal>:(.symtab)
       0        0       34     1 .shstrtab
       0        0       34     1         <internal>:(.shstrtab)
       0        0      9f1     1 .strtab
       0        0      9f1     1         <internal>:(.strtab)
